#
# Start of map file
#
MAP
  NAME ITASCA
  STATUS ON
  SIZE 800 450
  EXTENT 388107.634400379 5203120.88405952 500896.339019834 5310243.30613897
  UNITS METERS
  SHAPEPATH "data"
  IMAGECOLOR 0 130 255
  TEMPLATEPATTERN "itasca"
  IMAGETYPE PNG

  #
  # Projection definition, consult the PROJ.4 documentation for parameter discussion
  #
  PROJECTION
    "init=epsg:26915"
  END

  #
  # Start of symbol definitions
  #
  SYMBOL
    NAME 'circle'
    TYPE ELLIPSE
    POINTS 1 1 END
    FILLED TRUE
  END

  #
  # Start of web interface definition (including WMS enabling metadata)
  #
  WEB  
#    MINSCALE 1000
#    MAXSCALE 1550000
    IMAGEPATH "/var/www/sentinel_loading-master/web_application/outputFile/"
    IMAGEURL "/sentinel_loading-master/web_application/outputFile/"
  END

  #
  # Start of legend
  #
  LEGEND
    KEYSIZE 18 12
    LABEL
      TYPE BITMAP
      SIZE MEDIUM        
      COLOR 0 0 89
    END
    STATUS ON
  END

  #
  # Start of scalebar
  #
  SCALEBAR
    IMAGECOLOR 0 0 0
    LABEL
      COLOR 100 255 255
      SIZE TINY
    END
    STYLE 1
    SIZE 100 5
    COLOR 100 255 255
    UNITS MILES
    INTERVALS 1
    TRANSPARENT TRUE
    STATUS ON
  END

  #
  # Start of layer definitions
  #

  LAYER
    NAME drgs
    TYPE RASTER
    STATUS ON
    OFFSITE 252 252 252
    TILEINDEX drgidx
  END
  #  	LAYER
#	  NAME drgs
#	  STATUS DEFAULT
#	  TYPE POLYGON
#	  CONNECTIONTYPE postgis
#	  CONNECTION "user=*** password=*** dbname=gisdata host=127.0.0.1 port=5432"
#	  DATA "geom from drgidx using unique gid"	
#	    CLASS
#	    STYLE
#	      COLOR 128 128 128
#	      ANTIALIAS true
#	    END
#	  END
#  	END

END # Map File
